main work 1
main work 1
main work 1
ayush work 1
ayush work 1
ayush work 1
ayush work 1git

nikitapata@nikitapata MINGW64 ~/Desktop/test
$ git init
Initialized empty Git repository in C:/Users/nikitapata/Desktop/test/.git/

nikitapata@nikitapata MINGW64 ~/Desktop/test (master)
$ git add .

nikitapata@nikitapata MINGW64 ~/Desktop/test (master)
$ git commit -m "first"
[master (root-commit) 8fcb58c] first
 1 file changed, 3 insertions(+)
 create mode 100644 index.txt

nikitapata@nikitapata MINGW64 ~/Desktop/test (master)
$ git branch -m main

nikitapata@nikitapata MINGW64 ~/Desktop/test (main)
$ git push https://github.com/nikita2298/Test.git main
Enumerating objects: 3, done.
Counting objects: 100% (3/3), done.
Writing objects: 100% (3/3), 221 bytes | 221.00 KiB/s, done.
Total 3 (delta 0), reused 0 (delta 0)
To https://github.com/nikita2298/Test.git
 * [new branch]      main -> main

nikitapata@nikitapata MINGW64 ~/Desktop/test (main)
$ git branch ayush

nikitapata@nikitapata MINGW64 ~/Desktop/test (main)
$ git checkout

nikitapata@nikitapata MINGW64 ~/Desktop/test (main)
$ git checkout ayush
Switched to branch 'ayush'

nikitapata@nikitapata MINGW64 ~/Desktop/test (ayush)
$ git branch ayush
fatal: A branch named 'ayush' already exists.

nikitapata@nikitapata MINGW64 ~/Desktop/test (ayush)
$ git branch
* ayush
  main

nikitapata@nikitapata MINGW64 ~/Desktop/test (ayush)
$ git add .

nikitapata@nikitapata MINGW64 ~/Desktop/test (ayush)
$ git commit -m "ayush work 1"
[ayush a407357] ayush work 1
 1 file changed, 5 insertions(+), 1 deletion(-)

nikitapata@nikitapata MINGW64 ~/Desktop/test (ayush)
$ git checkout main
Switched to branch 'main'

nikitapata@nikitapata MINGW64 ~/Desktop/test (main)
$ git merge ayush
Updating 8fcb58c..a407357
Fast-forward
 index.txt | 6 +++++-
 1 file changed, 5 insertions(+), 1 deletion(-)

nikitapata@nikitapata MINGW64 ~/Desktop/test (main)
$ git branch
  ayush
* main

nikitapata@nikitapata MINGW64 ~/Desktop/test (main)
$ git pull https://github.com/nikita2298/Test.git main
remote: Enumerating objects: 5, done.
remote: Counting objects: 100% (5/5), done.
remote: Compressing objects: 100% (2/2), done.
remote: Total 3 (delta 0), reused 0 (delta 0), pack-reused 0
Unpacking objects: 100% (3/3), 640 bytes | 4.00 KiB/s, done.
From https://github.com/nikita2298/Test
 * branch            main       -> FETCH_HEAD
Auto-merging index.txt
CONFLICT (content): Merge conflict in index.txt
Automatic merge failed; fix conflicts and then commit the result.

nikitapata@nikitapata MINGW64 ~/Desktop/test (main|MERGING)
$ git mergetool
Merging:
index.txt

Normal merge conflict for 'index.txt':
  {local}: modified file
  {remote}: modified file

nikitapata@nikitapata MINGW64 ~/Desktop/test (main|MERGING)
$ git commit -m "conflict resolved"
[main 724b2b2] conflict resolved

nikitapata@nikitapata MINGW64 ~/Desktop/test (main)
$ git push https://github.com/nikita2298/Test.git main
Enumerating objects: 10, done.
Counting objects: 100% (10/10), done.
Delta compression using up to 2 threads
Compressing objects: 100% (4/4), done.
Writing objects: 100% (6/6), 532 bytes | 532.00 KiB/s, done.
Total 6 (delta 1), reused 0 (delta 0)
remote: Resolving deltas: 100% (1/1), done.
To https://github.com/nikita2298/Test.git
   7cd372f..724b2b2  main -> main

nikitapata@nikitapata MINGW64 ~/Desktop/test (main)
$ git branch ayush
fatal: A branch named 'ayush' already exists.

nikitapata@nikitapata MINGW64 ~/Desktop/test (main)
$ git checkout ayush
Switched to branch 'ayush'

nikitapata@nikitapata MINGW64 ~/Desktop/test (ayush)
$ git push https://github.com/nikita2298/Test.git ayush
Total 0 (delta 0), reused 0 (delta 0)
remote:
remote: Create a pull request for 'ayush' on GitHub by visiting:
remote:      https://github.com/nikita2298/Test/pull/new/ayush
remote:
To https://github.com/nikita2298/Test.git
 * [new branch]      ayush -> ayush

nikitapata@nikitapata MINGW64 ~/Desktop/test (ayush)
$
